// Jest Snapshot v1, https://goo.gl/fbAQLP

exports[`BUTTON COMPONENT should be able to render component 1`] = `
<div>
  <button
    class="btn btn-outline-warning btn-lg"
    type="submit"
  >
    ButtonBootstrap
  </button>
</div>
`;
